// Jest Snapshot v1, https://goo.gl/fbAQLP

exports[`useStripeTerminal.test.tsx Public API snapshot ensure there are no unexpected changes to the hook exports 1`] = `
Object {
  "current": Object {
    "cancelCollectPaymentMethod": [Function],
    "cancelCollectRefundPaymentMethod": [Function],
    "cancelCollectSetupIntent": [Function],
    "cancelDiscovering": [Function],
    "cancelInstallingUpdate": [Function],
    "cancelPaymentIntent": [Function],
    "cancelSetupIntent": [Function],
    "clearCachedCredentials": [Function],
    "clearReaderDisplay": [Function],
    "collectPaymentMethod": [Function],
    "collectRefundPaymentMethod": [Function],
    "collectSetupIntentPaymentMethod": [Function],
    "confirmPaymentIntent": [Function],
    "confirmRefund": [Function],
    "confirmSetupIntent": [Function],
    "connectBluetoothReader": [Function],
    "connectHandoffReader": [Function],
    "connectInternetReader": [Function],
    "connectLocalMobileReader": [Function],
    "connectUsbReader": [Function],
    "connectedReader": null,
    "createPaymentIntent": [Function],
    "createSetupIntent": [Function],
    "disconnectReader": [Function],
    "discoverReaders": [Function],
    "discoveredReaders": Array [],
    "emitter": undefined,
    "getLocations": [Function],
    "initialize": [Function],
    "installAvailableUpdate": [Function],
    "isInitialized": false,
    "loading": false,
    "retrievePaymentIntent": [Function],
    "retrieveSetupIntent": [Function],
    "setReaderDisplay": [Function],
    "setSimulatedCard": [Function],
    "simulateReaderUpdate": [Function],
  },
}
`;
